[07:06:48] INFO     Maximum number of jobs is 8.                                                            parameter_manager.py:105
[07:06:48] INFO     Working directory set to '..'                                                           parameter_manager.py:153
                    ('/foss/designs/sg13cmos5l_cm_ip__single2diff2single/macros/OgueyAebischerBias').                               
[07:06:48] INFO     Starting a new run with tag 'RUN_2026-09-04_07-06-48'.                                  parameter_manager.py:624
[07:06:48] INFO     PDK root is '/foss/pdks'.                                                               parameter_manager.py:637
[07:06:48] INFO     Running parameters: noise_params                                                                 cace_cli.py:327
[07:06:48] INFO     Generating simulation netlist from schematic…                                             cace_regenerate.py:562
─────────────────────────────────────────────────────── Started noise_params ───────────────────────────────────────────────────────
[07:06:48] INFO     Parameter noise_params: Generating simulation files…                                    parameter_ngspice.py:211
[07:06:49] INFO     Parameter noise_params: Running simulations…                                            parameter_ngspice.py:564
[07:06:49] ERROR    Subprocess exited with error code 1                                                    parameter_ngspice.py:1145
[07:06:49] ERROR    Error output generated by subprocess:                                                  parameter_ngspice.py:1149
[07:06:49] ERROR    Note: Starting dynamic gmin stepping                                                   parameter_ngspice.py:1151
[07:06:49] ERROR    Note: Dynamic gmin stepping completed                                                  parameter_ngspice.py:1151
[07:06:49] ERROR    Error: Noise simulation is not (yet) supported with 'option KLU'.                      parameter_ngspice.py:1151
[07:06:49] ERROR        Use 'option sparse' instead.                                                       parameter_ngspice.py:1151
[07:06:49] ERROR    doAnalyses: operation not supported                                                    parameter_ngspice.py:1151
[07:06:49] ERROR                                                                                           parameter_ngspice.py:1151
[07:06:49] ERROR    noise simulation(s) aborted                                                            parameter_ngspice.py:1151
[07:06:49] ERROR    Error: no such plot named noise1                                                       parameter_ngspice.py:1151
[07:06:49] ERROR    Warning from checkvalid: vector onoise_spectrum is not available or has zero length.   parameter_ngspice.py:1151
[07:06:49] ERROR    Error: RHS "1e9 * onoise_spectrum[0]" invalid                                          parameter_ngspice.py:1151
[07:06:49] ERROR    Error: &ibias_noise: no such variable.                                                 parameter_ngspice.py:1151
[07:06:49] ERROR    Error: incomplete or empty netlist                                                     parameter_ngspice.py:1151
[07:06:49] ERROR           or no ".plot", ".print", or ".fourier" lines in batch mode;                     parameter_ngspice.py:1151
[07:06:49] ERROR    no simulations run!                                                                    parameter_ngspice.py:1151
───────────────────────────────────────────────── Completed noise_params: Error ❗ ─────────────────────────────────────────────────

[07:06:49] INFO     Done with CACE simulations and evaluations in 0:00:00.                                           cace_cli.py:371
                                                     CACE Summary for reference                                                     

netlist source: schematic                                                                                                           

                                                                                                                                    
 Parameter                    Tool     Result          Min Limit  Min Value   Typ Target  Typ Value  Max Limit  Max Value   Status  
 ────────────────────────────────────────────────────────────────────────────────────────────────────────────────────────────────── 
 PMOS mirror bias voltage     ngspice  Vbp_val               any           ​          any           ​        any           ​  Skip 🟧  
 NMOS mirror bias voltage     ngspice  Vbn_val               any           ​          any           ​        any           ​  Skip 🟧  
 Resistor-free reference      ngspice  Vbr_val               any           ​          any           ​        any           ​  Skip 🟧  
 voltage                                                                                                                            
 Core reference current       ngspice  Ibias_val          200 nA           ​          any           ​    1000 nA           ​  Skip 🟧  
 Start-up time                ngspice  t_startup             any           ​       2e-5 s           ​     4e-5 s           ​  Skip 🟧  
 Settled vbp                  ngspice  Vbp_final             any           ​          any           ​        any           ​  Skip 🟧  
 Settled vbn                  ngspice  Vbn_final             any           ​          any           ​        any           ​  Skip 🟧  
 Settled vbr                  ngspice  Vbr_final             any           ​          any           ​        any           ​  Skip 🟧  
 PSRR of vbr at 1kHz          ngspice  PSRR_vbr            50 dB           ​        60 dB           ​        any           ​  Skip 🟧  
 Output current noise         ngspice  Ibias_noise           any           ​  0.5 nA/rtHz           ​  1 nA/rtHz           ​  Error ❗ 
 density                                                                                                                            
 Turn-off time                ngspice  t_disable             any           ​          any           ​        any           ​  Skip 🟧  
 Quiescent supply current,    ngspice  Iq_enabled            any           ​        10 uA           ​      20 uA           ​  Skip 🟧  
 enabled                                                                                                                            
 Quiescent supply current,    ngspice  Iq_disabled           any           ​        10 nA           ​      20 nA           ​  Skip 🟧  
 disabled                                                                                                                           
 Core current accuracy -      ngspice  Ibias_accuracy       -2 %           ​          0 %           ​        2 %           ​  Skip 🟧  
 Mismatch                                                                                                                           
 Leg-to-leg current matching  ngspice  Leg_matching         -1 %           ​          0 %           ​        1 %           ​  Skip 🟧  
 - Mismatch                                                                                                                         
                                                                                                                                    
[07:06:49] INFO     CACE failed, skipping documentation generation.                                                  cace_cli.py:404
