cd testbenches/cocotb && python3 counter_top_tb.py
     -.--ns INFO     gpi                                ..mbed/gpi_embed.cpp:93   in _embed_init_python              Using Python 3.12.4 interpreter at /usr/bin/python3
     -.--ns INFO     gpi                                ../gpi/GpiCommon.cpp:79   in gpi_print_registered_impl       VPI registered
     0.00ns INFO     cocotb                             Running on Icarus Verilog version 14.0 (devel)
     0.00ns INFO     cocotb                             Seeding Python random module with 1788203797
     0.00ns INFO     cocotb                             Initialized cocotb v2.0.1 from /usr/local/lib/python3.12/dist-packages/cocotb
     0.00ns INFO     cocotb                             Running tests
     0.00ns INFO     cocotb.regression                  running counter_top_tb.test_reset_clears_counter (1/4)
                                                            After reset deasserts, counter_value_o must be zero.
     0.00ns INFO     test                               Reset asserted...
    40.00ns INFO     test                               Reset deasserted.
    40.00ns INFO     cocotb.regression                  counter_top_tb.test_reset_clears_counter passed
    40.00ns INFO     cocotb.regression                  running counter_top_tb.test_holds_when_disabled (2/4)
                                                            With enable_i = 0, counter_value_o must not change.
    40.00ns INFO     test                               Reset asserted...
   100.00ns INFO     test                               Reset deasserted.
   500.00ns INFO     cocotb.regression                  counter_top_tb.test_holds_when_disabled passed
   500.00ns INFO     cocotb.regression                  running counter_top_tb.test_increments_when_enabled (3/4)
                                                            With enable_i = 1, counter_value_o must increment by 1 every clock.
   500.00ns INFO     test                               Reset asserted...
   560.00ns INFO     test                               Reset deasserted.
   721.00ns INFO     cocotb.regression                  counter_top_tb.test_increments_when_enabled passed
   721.00ns INFO     cocotb.regression                  running counter_top_tb.test_wraps_at_max (4/4)
                                                            Counter must wrap from CTR_MAX back to 0.
   721.00ns INFO     test                               Reset asserted...
   781.00ns INFO     test                               Reset deasserted.
  5902.00ns INFO     cocotb.regression                  counter_top_tb.test_wraps_at_max passed
  5902.00ns INFO     cocotb.regression                  *****************************************************************************************************
                                                        ** TEST                                         STATUS  SIM TIME (ns)  REAL TIME (s)  RATIO (ns/s) **
                                                        *****************************************************************************************************
                                                        ** counter_top_tb.test_reset_clears_counter      PASS          40.00           0.00      12769.02  **
                                                        ** counter_top_tb.test_holds_when_disabled       PASS         460.00           0.00     114584.86  **
                                                        ** counter_top_tb.test_increments_when_enabled   PASS         221.00           0.00      97388.23  **
                                                        ** counter_top_tb.test_wraps_at_max              PASS        5181.00           0.04     127106.81  **
                                                        *****************************************************************************************************
                                                        ** TESTS=4 PASS=4 FAIL=0 SKIP=0                              5902.00           0.05     107691.76  **
                                                        *****************************************************************************************************
FST info: dumpfile /foss/designs/sg13cmos5l_cm_ip__single2diff2single/macros/counter/testbenches/cocotb/sim_build/counter_top.fst opened for output.
