+ analyze_power_grid -net VDD -voltage_file /foss/designs/sg13cmos5l_cm_ip__single2diff2single/macros/counter/flow/librelane/runs/RUN_2026-08-31_21-18-15/58-openroad-irdropreport/net-VDD.csv
[INFO PSM-0040] All shapes on net VDD are connected.
########## IR report #################
Net              : VDD
Corner           : nom_typ_1p50V_25C
Total power      : 6.57e-05 W
Supply voltage   : 1.50e+00 V
Worstcase voltage: 1.50e+00 V
Average voltage  : 1.50e+00 V
Average IR drop  : 4.04e-05 V
Worstcase IR drop: 2.37e-04 V
Percentage drop  : 0.02 %
######################################
+ analyze_power_grid -net VSS -voltage_file /foss/designs/sg13cmos5l_cm_ip__single2diff2single/macros/counter/flow/librelane/runs/RUN_2026-08-31_21-18-15/58-openroad-irdropreport/net-VSS.csv
[INFO PSM-0040] All shapes on net VSS are connected.
########## IR report #################
Net              : VSS
Corner           : nom_typ_1p50V_25C
Total power      : 6.57e-05 W
Supply voltage   : 0.00e+00 V
Worstcase voltage: 2.56e-04 V
Average voltage  : 3.11e-05 V
Average IR drop  : 3.11e-05 V
Worstcase IR drop: 2.56e-04 V
Percentage drop  : 0.02 %
######################################
