
===========================================================================
 report_power
============================================================================
======================= nom_slow_1p08V_125C Corner ===================================

Group                    Internal    Switching      Leakage        Total
                            Power        Power        Power        Power (Watts)
------------------------------------------------------------------------
Sequential           1.739926e-05 1.296789e-07 1.692637e-08 1.754586e-05  55.4%
Combinational        1.060057e-06 5.891487e-07 5.295550e-08 1.702161e-06   5.4%
Clock                8.641976e-06 3.576533e-06 1.884737e-07 1.240698e-05  39.2%
Macro                0.000000e+00 0.000000e+00 0.000000e+00 0.000000e+00   0.0%
Pad                  0.000000e+00 0.000000e+00 0.000000e+00 0.000000e+00   0.0%
------------------------------------------------------------------------
Total                2.710129e-05 4.295359e-06 2.583557e-07 3.165500e-05 100.0%
                            85.6%        13.6%         0.8%

