
===========================================================================
 report_power
============================================================================
======================= nom_slow_1p35V_125C Corner ===================================

Group                    Internal    Switching      Leakage        Total
                            Power        Power        Power        Power (Watts)
------------------------------------------------------------------------
Sequential           2.716576e-05 2.135077e-07 2.690337e-08 2.740617e-05  54.0%
Combinational        1.719806e-06 9.610001e-07 8.212015e-08 2.762926e-06   5.4%
Clock                1.388850e-05 5.900359e-06 7.850958e-07 2.057396e-05  40.5%
Macro                0.000000e+00 0.000000e+00 0.000000e+00 0.000000e+00   0.0%
Pad                  0.000000e+00 0.000000e+00 0.000000e+00 0.000000e+00   0.0%
------------------------------------------------------------------------
Total                4.277407e-05 7.074866e-06 8.941191e-07 5.074306e-05 100.0%
                            84.3%        13.9%         1.8%

