
===========================================================================
 report_power
============================================================================
======================= nom_fast_1p65V_m40C Corner ===================================

Group                    Internal    Switching      Leakage        Total
                            Power        Power        Power        Power (Watts)
------------------------------------------------------------------------
Sequential           3.903116e-05 3.559988e-07 3.117140e-08 3.941833e-05  45.1%
Combinational        2.812917e-06 1.584614e-06 1.259624e-07 4.523493e-06   5.2%
Clock                2.278858e-05 9.805405e-06 1.083535e-05 4.342933e-05  49.7%
Macro                0.000000e+00 0.000000e+00 0.000000e+00 0.000000e+00   0.0%
Pad                  0.000000e+00 0.000000e+00 0.000000e+00 0.000000e+00   0.0%
------------------------------------------------------------------------
Total                6.463265e-05 1.174602e-05 1.099248e-05 8.737115e-05 100.0%
                            74.0%        13.4%        12.6%

