
===========================================================================
 report_power
============================================================================
======================= nom_typ_1p20V_25C Corner ===================================

Group                    Internal    Switching      Leakage        Total
                            Power        Power        Power        Power (Watts)
------------------------------------------------------------------------
Sequential           2.172686e-05 1.684768e-07 3.575867e-09 2.189891e-05  54.3%
Combinational        1.351765e-06 7.581560e-07 1.255092e-08 2.122472e-06   5.3%
Clock                1.098477e-05 4.625626e-06 7.173250e-07 1.632772e-05  40.5%
Macro                0.000000e+00 0.000000e+00 0.000000e+00 0.000000e+00   0.0%
Pad                  0.000000e+00 0.000000e+00 0.000000e+00 0.000000e+00   0.0%
------------------------------------------------------------------------
Total                3.406339e-05 5.552259e-06 7.334521e-07 4.034910e-05 100.0%
                            84.4%        13.8%         1.8%

