
===========================================================================
 report_power
============================================================================
======================= nom_typ_1p50V_25C Corner ===================================

Group                    Internal    Switching      Leakage        Total
                            Power        Power        Power        Power (Watts)
------------------------------------------------------------------------
Sequential           3.346721e-05 2.779230e-07 1.026170e-08 3.375539e-05  51.4%
Combinational        2.198134e-06 1.238243e-06 3.941351e-08 3.475791e-06   5.3%
Clock                1.777502e-05 7.650316e-06 3.026189e-06 2.845152e-05  43.3%
Macro                0.000000e+00 0.000000e+00 0.000000e+00 0.000000e+00   0.0%
Pad                  0.000000e+00 0.000000e+00 0.000000e+00 0.000000e+00   0.0%
------------------------------------------------------------------------
Total                5.344036e-05 9.166479e-06 3.075862e-06 6.568270e-05 100.0%
                            81.4%        14.0%         4.7%

