103. Printing statistics.

=== counter_top ===

        +----------Local Count, excluding submodules.
        |        +-Local Area, excluding submodules.
        |        | 
       34        - wires
       41        - wire bits
        4        - public wires
       11        - public wire bits
        4        - ports
       11        - port bits
       38   391.91 cells
        5        -   $_AND_
       16        -   $_MUX_
        1        -   $_NAND_
        1        -   $_NOT_
        1        -   $_XNOR_
        6        -   $_XOR_
        8   391.91   sg13cmos5l_dfrbpq_1

   Area for cell type $_AND_ is unknown!
   Area for cell type $_MUX_ is unknown!
   Area for cell type $_NAND_ is unknown!
   Area for cell type $_NOT_ is unknown!
   Area for cell type $_XNOR_ is unknown!
   Area for cell type $_XOR_ is unknown!

   Chip area for module '\counter_top': 391.910400
     of which used for sequential elements: 391.910400 (100.00%)

